[20:43:04] [ServerMain/INFO]: Environment: Environment[sessionHost=https://sessionserver.mojang.com, servicesHost=https://api.minecraftservices.com, name=PROD]
[20:43:06] [ServerMain/INFO]: Loaded 1370 recipes
[20:43:06] [ServerMain/INFO]: Loaded 1481 advancements
[20:43:07] [Server thread/INFO]: Starting minecraft server version 1.21.4
[20:43:07] [Server thread/INFO]: Loading properties
[20:43:07] [Server thread/INFO]: Default game type: SURVIVAL
[20:43:07] [Server thread/INFO]: Generating keypair
[20:43:07] [Server thread/INFO]: Starting Minecraft server on *:25565
[20:43:07] [Server thread/INFO]: Using default channel type
[20:43:07] [Server thread/WARN]: **** SERVER IS RUNNING IN OFFLINE/INSECURE MODE!
[20:43:07] [Server thread/WARN]: The server will make no attempt to authenticate usernames. Beware.
[20:43:07] [Server thread/WARN]: While this makes the game possible to play without internet access, it also opens up the ability for hackers to connect with any username they choose.
[20:43:07] [Server thread/WARN]: To change this, set "online-mode" to "true" in the server.properties file.
[20:43:07] [Server thread/INFO]: Preparing level "world"
[20:43:08] [Server thread/INFO]: Preparing start region for dimension minecraft:overworld
[20:43:08] [Worker-Main-14/INFO]: Preparing spawn area: 2%
[20:43:09] [Worker-Main-5/INFO]: Preparing spawn area: 51%
[20:43:09] [Worker-Main-15/INFO]: Preparing spawn area: 51%
[20:43:09] [Worker-Main-18/INFO]: Preparing spawn area: 51%
[20:43:10] [Worker-Main-7/INFO]: Preparing spawn area: 51%
[20:43:10] [Worker-Main-7/INFO]: Preparing spawn area: 51%
[20:43:11] [Worker-Main-12/INFO]: Preparing spawn area: 51%
[20:43:11] [Server thread/INFO]: Time elapsed: 3097 ms
[20:43:11] [Server thread/INFO]: Done (4.013s)! For help, type "help"
[20:43:17] [Server thread/INFO]: com.mojang.authlib.GameProfile@7bee8964[id=b62fd136-aa2f-330a-b13a-134e953d5879,name=TestDumper,properties={}] lost connection: Internal Exception: java.net.SocketException: Connection reset
